node.exe : C:\hack\back
end\node_modules\ts-nod
e\src\index.ts:859
At line:1 char:1
+ & "C:\Program 
Files\nodejs/node.exe" 
"C:\Program 
Files\nodejs/node_mo 
...
+ ~~~~~~~~~~~~~~~~~~~~~
~~~~~~~~~~~~~~~~~~~~~~~
~~~~~~~~~~~~~~~~~~~~~~~
~~
    + CategoryInfo     
         : NotSpecifi  
  ed: (C:\hack\backe   
 nd...rc\index.ts:8    
59:String) [], Rem    
oteException
    + FullyQualifiedEr 
   rorId : NativeComm  
  andError
 
    return new TSError(
diagnosticText, 
diagnosticCodes, 
diagnostics);
           ^
TSError: Γ¿» Unable to 
compile TypeScript:
src/routes/auth.ts(2,20
): error TS7016: Could 
not find a declaration 
file for module 
'bcrypt'. 'C:/hack/back
end/node_modules/bcrypt
/bcrypt.js' implicitly 
has an 'any' type.
  Try `npm i 
--save-dev 
@types/bcrypt` if it 
exists or add a new 
declaration (.d.ts) 
file containing 
`declare module 
'bcrypt';`
src/routes/auth.ts(3,17
): error TS7016: Could 
not find a declaration 
file for module 
'jsonwebtoken'. 'C:/hac
k/backend/node_modules/
jsonwebtoken/index.js' 
implicitly has an 
'any' type.
  Try `npm i 
--save-dev 
@types/jsonwebtoken` 
if it exists or add a 
new declaration 
(.d.ts) file 
containing `declare 
module 'jsonwebtoken';`
src/routes/auth.ts(4,10
): error TS2305: 
Module 
'"@prisma/client"' has 
no exported member 
'PrismaClient'.

    at createTSError (C
:\hack\backend\node_mod
ules\ts-node\src\index.
ts:859:12)
    at reportTSError (C
:\hack\backend\node_mod
ules\ts-node\src\index.
ts:863:19)
    at getOutput (C:\ha
ck\backend\node_modules
\ts-node\src\index.ts:1
077:36)
    at Object.compile (
C:\hack\backend\node_mo
dules\ts-node\src\index
.ts:1433:41)
    at 
Module.m._compile (C:\h
ack\backend\node_module
s\ts-node\src\index.ts:
1617:30)
    at node:internal/mo
dules/cjs/loader:1936:1
0
    at Object.require.e
xtensions.<computed> 
[as .ts] (C:\hack\backe
nd\node_modules\ts-node
\src\index.ts:1621:12)
    at Module.load (nod
e:internal/modules/cjs/
loader:1525:32)
    at Module._load (no
de:internal/modules/cjs
/loader:1327:12)
    at TracingChannel.t
raceSync (node:diagnost
ics_channel:328:14) {
  diagnosticCodes: [ 
7016, 7016, 2305 ]
}
